*** EVALUATION ***
PROGRAM "C:\Users\lefr\Desktop\Project\bin\Project.absHCS12_Serial_Monitor.abs"

*********************************************************************************************
TARGET SECTION
---------------------------------------------------------------------------------------------
Processor   : Freescale HC12
Memory Model: SMALL
File Format : ELF\DWARF 2.0
Linker      : SmartLinker V-5.0.40 Build 10203, Jul 23 2010

*********************************************************************************************
FILE SECTION
---------------------------------------------------------------------------------------------
Start12.c.o                             Model: SMALL,         Lang: ANSI-C
Cpu.c.o                                 Model: SMALL,         Lang: ANSI-C
IO_Map.c.o                              Model: SMALL,         Lang: ANSI-C
Vectors.c.o                             Model: SMALL,         Lang: ANSI-C
Events.c.o                              Model: SMALL,         Lang: ANSI-C
Project.c.o                             Model: SMALL,         Lang: ANSI-C
Motor_R_EN.c.o                          Model: SMALL,         Lang: ANSI-C
Motor_L_EN.c.o                          Model: SMALL,         Lang: ANSI-C
Motor_R_Drive.c.o                       Model: SMALL,         Lang: ANSI-C
Motor_L_Drive1.c.o                      Model: SMALL,         Lang: ANSI-C
Motor_L_Drive2.c.o                      Model: SMALL,         Lang: ANSI-C
Motor_L_Drive4.c.o                      Model: SMALL,         Lang: ANSI-C
Motor_L_Drive8.c.o                      Model: SMALL,         Lang: ANSI-C
Motor_L_DutyTimer.c.o                   Model: SMALL,         Lang: ANSI-C
Motor_R_DutyTimer.c.o                   Model: SMALL,         Lang: ANSI-C
MotorR_DriveTimer.c.o                   Model: SMALL,         Lang: ANSI-C
MotorL_DriveTimer.c.o                   Model: SMALL,         Lang: ANSI-C
PID.c.o                                 Model: SMALL,         Lang: ANSI-C
ADC.c.o                                 Model: SMALL,         Lang: ANSI-C
PE_Timer.c.o                            Model: SMALL,         Lang: ANSI-C

*********************************************************************************************
STARTUP SECTION
---------------------------------------------------------------------------------------------
Entry point: 0xC010 (_EntryPoint)
_startupData is allocated at 0xC03B and uses 6 Bytes
extern struct _tagStartup {
  unsigned nofZeroOut     1
  _Range   pZeroOut       0x3800     374
  _Copy    *toCopyDownBeg 0xCB25
} _startupData;

*********************************************************************************************
SECTION-ALLOCATION SECTION
Section Name                    Size  Type     From       To       Segment
---------------------------------------------------------------------------------------------
.init                             59     R     0xC000     0xC03A   ROM_C000
.startData                        10     R     0xC03B     0xC044   ROM_C000
NON_BANKED                       115     R     0xC045     0xC0B7   ROM_C000
.text                           2146     R     0xC0B8     0xC919   ROM_C000
.copy                             26     R     0xCB25     0xCB3E   ROM_C000
.data                             20   R/W     0x3800     0x3813   RAM
.abs_section_0                     1   N/I        0x0        0x0   .absSeg0
.abs_section_1                     1   N/I        0x1        0x1   .absSeg1
.abs_section_2                     1   N/I        0x2        0x2   .absSeg2
.abs_section_3                     1   N/I        0x3        0x3   .absSeg3
.abs_section_8                     1   N/I        0x8        0x8   .absSeg4
.abs_section_9                     1   N/I        0x9        0x9   .absSeg5
.abs_section_a                     1   N/I        0xA        0xA   .absSeg6
.abs_section_b                     1   N/I        0xB        0xB   .absSeg7
.abs_section_c                     1   N/I        0xC        0xC   .absSeg8
.abs_section_d                     1   N/I        0xD        0xD   .absSeg9
.abs_section_e                     1   N/I        0xE        0xE   .absSeg10
.abs_section_10                    1   N/I       0x10       0x10   .absSeg11
.abs_section_11                    1   N/I       0x11       0x11   .absSeg12
.abs_section_13                    1   N/I       0x13       0x13   .absSeg13
.abs_section_15                    1   N/I       0x15       0x15   .absSeg14
.abs_section_16                    1   N/I       0x16       0x16   .absSeg15
.abs_section_19                    1   N/I       0x19       0x19   .absSeg16
.abs_section_1c                    1   N/I       0x1C       0x1C   .absSeg17
.abs_section_1d                    1   N/I       0x1D       0x1D   .absSeg18
.abs_section_1e                    1   N/I       0x1E       0x1E   .absSeg19
.abs_section_1f                    1   N/I       0x1F       0x1F   .absSeg20
.abs_section_20                    1   N/I       0x20       0x20   .absSeg21
.abs_section_21                    1   N/I       0x21       0x21   .absSeg22
.abs_section_24                    1   N/I       0x24       0x24   .absSeg23
.abs_section_25                    1   N/I       0x25       0x25   .absSeg24
.abs_section_28                    1   N/I       0x28       0x28   .absSeg25
.abs_section_29                    1   N/I       0x29       0x29   .absSeg26
.abs_section_2a                    1   N/I       0x2A       0x2A   .absSeg27
.abs_section_2d                    1   N/I       0x2D       0x2D   .absSeg28
.abs_section_30                    1   N/I       0x30       0x30   .absSeg29
.abs_section_34                    1   N/I       0x34       0x34   .absSeg30
.abs_section_35                    1   N/I       0x35       0x35   .absSeg31
.abs_section_37                    1   N/I       0x37       0x37   .absSeg32
.abs_section_38                    1   N/I       0x38       0x38   .absSeg33
.abs_section_39                    1   N/I       0x39       0x39   .absSeg34
.abs_section_3a                    1   N/I       0x3A       0x3A   .absSeg35
.abs_section_3b                    1   N/I       0x3B       0x3B   .absSeg36
.abs_section_3c                    1   N/I       0x3C       0x3C   .absSeg37
.abs_section_3f                    1   N/I       0x3F       0x3F   .absSeg38
.abs_section_40                    1   N/I       0x40       0x40   .absSeg39
.abs_section_41                    1   N/I       0x41       0x41   .absSeg40
.abs_section_42                    1   N/I       0x42       0x42   .absSeg41
.abs_section_43                    1   N/I       0x43       0x43   .absSeg42
.abs_section_46                    1   N/I       0x46       0x46   .absSeg43
.abs_section_47                    1   N/I       0x47       0x47   .absSeg44
.abs_section_48                    1   N/I       0x48       0x48   .absSeg45
.abs_section_49                    1   N/I       0x49       0x49   .absSeg46
.abs_section_4a                    1   N/I       0x4A       0x4A   .absSeg47
.abs_section_4b                    1   N/I       0x4B       0x4B   .absSeg48
.abs_section_4c                    1   N/I       0x4C       0x4C   .absSeg49
.abs_section_4d                    1   N/I       0x4D       0x4D   .absSeg50
.abs_section_4e                    1   N/I       0x4E       0x4E   .absSeg51
.abs_section_4f                    1   N/I       0x4F       0x4F   .absSeg52
.abs_section_60                    1   N/I       0x60       0x60   .absSeg53
.abs_section_61                    1   N/I       0x61       0x61   .absSeg54
.abs_section_86                    1   N/I       0x86       0x86   .absSeg55
.abs_section_89                    1   N/I       0x89       0x89   .absSeg56
.abs_section_8b                    1   N/I       0x8B       0x8B   .absSeg57
.abs_section_8d                    1   N/I       0x8D       0x8D   .absSeg58
.abs_section_8f                    1   N/I       0x8F       0x8F   .absSeg59
.abs_section_ca                    1   N/I       0xCA       0xCA   .absSeg60
.abs_section_cb                    1   N/I       0xCB       0xCB   .absSeg61
.abs_section_cc                    1   N/I       0xCC       0xCC   .absSeg62
.abs_section_cd                    1   N/I       0xCD       0xCD   .absSeg63
.abs_section_ce                    1   N/I       0xCE       0xCE   .absSeg64
.abs_section_cf                    1   N/I       0xCF       0xCF   .absSeg65
.abs_section_d8                    1   N/I       0xD8       0xD8   .absSeg66
.abs_section_d9                    1   N/I       0xD9       0xD9   .absSeg67
.abs_section_da                    1   N/I       0xDA       0xDA   .absSeg68
.abs_section_db                    1   N/I       0xDB       0xDB   .absSeg69
.abs_section_dd                    1   N/I       0xDD       0xDD   .absSeg70
.abs_section_e0                    1   N/I       0xE0       0xE0   .absSeg71
.abs_section_e1                    1   N/I       0xE1       0xE1   .absSeg72
.abs_section_e2                    1   N/I       0xE2       0xE2   .absSeg73
.abs_section_e3                    1   N/I       0xE3       0xE3   .absSeg74
.abs_section_e4                    1   N/I       0xE4       0xE4   .absSeg75
.abs_section_e5                    1   N/I       0xE5       0xE5   .absSeg76
.abs_section_e8                    1   N/I       0xE8       0xE8   .absSeg77
.abs_section_e9                    1   N/I       0xE9       0xE9   .absSeg78
.abs_section_fe                    1   N/I       0xFE       0xFE   .absSeg79
.abs_section_100                   1   N/I      0x100      0x100   .absSeg80
.abs_section_101                   1   N/I      0x101      0x101   .absSeg81
.abs_section_103                   1   N/I      0x103      0x103   .absSeg82
.abs_section_104                   1   N/I      0x104      0x104   .absSeg83
.abs_section_105                   1   N/I      0x105      0x105   .absSeg84
.abs_section_106                   1   N/I      0x106      0x106   .absSeg85
.abs_section_140                   1   N/I      0x140      0x140   .absSeg86
.abs_section_141                   1   N/I      0x141      0x141   .absSeg87
.abs_section_142                   1   N/I      0x142      0x142   .absSeg88
.abs_section_143                   1   N/I      0x143      0x143   .absSeg89
.abs_section_144                   1   N/I      0x144      0x144   .absSeg90
.abs_section_145                   1   N/I      0x145      0x145   .absSeg91
.abs_section_146                   1   N/I      0x146      0x146   .absSeg92
.abs_section_147                   1   N/I      0x147      0x147   .absSeg93
.abs_section_148                   1   N/I      0x148      0x148   .absSeg94
.abs_section_149                   1   N/I      0x149      0x149   .absSeg95
.abs_section_14a                   1   N/I      0x14A      0x14A   .absSeg96
.abs_section_14b                   1   N/I      0x14B      0x14B   .absSeg97
.abs_section_14e                   1   N/I      0x14E      0x14E   .absSeg98
.abs_section_14f                   1   N/I      0x14F      0x14F   .absSeg99
.abs_section_150                   1   N/I      0x150      0x150   .absSeg100
.abs_section_151                   1   N/I      0x151      0x151   .absSeg101
.abs_section_152                   1   N/I      0x152      0x152   .absSeg102
.abs_section_153                   1   N/I      0x153      0x153   .absSeg103
.abs_section_154                   1   N/I      0x154      0x154   .absSeg104
.abs_section_155                   1   N/I      0x155      0x155   .absSeg105
.abs_section_156                   1   N/I      0x156      0x156   .absSeg106
.abs_section_157                   1   N/I      0x157      0x157   .absSeg107
.abs_section_158                   1   N/I      0x158      0x158   .absSeg108
.abs_section_159                   1   N/I      0x159      0x159   .absSeg109
.abs_section_15a                   1   N/I      0x15A      0x15A   .absSeg110
.abs_section_15b                   1   N/I      0x15B      0x15B   .absSeg111
.abs_section_15c                   1   N/I      0x15C      0x15C   .absSeg112
.abs_section_15d                   1   N/I      0x15D      0x15D   .absSeg113
.abs_section_15e                   1   N/I      0x15E      0x15E   .absSeg114
.abs_section_15f                   1   N/I      0x15F      0x15F   .absSeg115
.abs_section_160                   1   N/I      0x160      0x160   .absSeg116
.abs_section_161                   1   N/I      0x161      0x161   .absSeg117
.abs_section_162                   1   N/I      0x162      0x162   .absSeg118
.abs_section_163                   1   N/I      0x163      0x163   .absSeg119
.abs_section_164                   1   N/I      0x164      0x164   .absSeg120
.abs_section_165                   1   N/I      0x165      0x165   .absSeg121
.abs_section_166                   1   N/I      0x166      0x166   .absSeg122
.abs_section_167                   1   N/I      0x167      0x167   .absSeg123
.abs_section_168                   1   N/I      0x168      0x168   .absSeg124
.abs_section_169                   1   N/I      0x169      0x169   .absSeg125
.abs_section_16a                   1   N/I      0x16A      0x16A   .absSeg126
.abs_section_16b                   1   N/I      0x16B      0x16B   .absSeg127
.abs_section_16c                   1   N/I      0x16C      0x16C   .absSeg128
.abs_section_170                   1   N/I      0x170      0x170   .absSeg129
.abs_section_171                   1   N/I      0x171      0x171   .absSeg130
.abs_section_172                   1   N/I      0x172      0x172   .absSeg131
.abs_section_173                   1   N/I      0x173      0x173   .absSeg132
.abs_section_174                   1   N/I      0x174      0x174   .absSeg133
.abs_section_175                   1   N/I      0x175      0x175   .absSeg134
.abs_section_176                   1   N/I      0x176      0x176   .absSeg135
.abs_section_177                   1   N/I      0x177      0x177   .absSeg136
.abs_section_178                   1   N/I      0x178      0x178   .absSeg137
.abs_section_179                   1   N/I      0x179      0x179   .absSeg138
.abs_section_17a                   1   N/I      0x17A      0x17A   .absSeg139
.abs_section_17b                   1   N/I      0x17B      0x17B   .absSeg140
.abs_section_17c                   1   N/I      0x17C      0x17C   .absSeg141
.abs_section_17d                   1   N/I      0x17D      0x17D   .absSeg142
.abs_section_240                   1   N/I      0x240      0x240   .absSeg143
.abs_section_241                   1   N/I      0x241      0x241   .absSeg144
.abs_section_242                   1   N/I      0x242      0x242   .absSeg145
.abs_section_243                   1   N/I      0x243      0x243   .absSeg146
.abs_section_244                   1   N/I      0x244      0x244   .absSeg147
.abs_section_245                   1   N/I      0x245      0x245   .absSeg148
.abs_section_247                   1   N/I      0x247      0x247   .absSeg149
.abs_section_248                   1   N/I      0x248      0x248   .absSeg150
.abs_section_249                   1   N/I      0x249      0x249   .absSeg151
.abs_section_24a                   1   N/I      0x24A      0x24A   .absSeg152
.abs_section_24b                   1   N/I      0x24B      0x24B   .absSeg153
.abs_section_24c                   1   N/I      0x24C      0x24C   .absSeg154
.abs_section_24d                   1   N/I      0x24D      0x24D   .absSeg155
.abs_section_24e                   1   N/I      0x24E      0x24E   .absSeg156
.abs_section_250                   1   N/I      0x250      0x250   .absSeg157
.abs_section_251                   1   N/I      0x251      0x251   .absSeg158
.abs_section_252                   1   N/I      0x252      0x252   .absSeg159
.abs_section_253                   1   N/I      0x253      0x253   .absSeg160
.abs_section_254                   1   N/I      0x254      0x254   .absSeg161
.abs_section_255                   1   N/I      0x255      0x255   .absSeg162
.abs_section_256                   1   N/I      0x256      0x256   .absSeg163
.abs_section_258                   1   N/I      0x258      0x258   .absSeg164
.abs_section_259                   1   N/I      0x259      0x259   .absSeg165
.abs_section_25a                   1   N/I      0x25A      0x25A   .absSeg166
.abs_section_25b                   1   N/I      0x25B      0x25B   .absSeg167
.abs_section_25c                   1   N/I      0x25C      0x25C   .absSeg168
.abs_section_25d                   1   N/I      0x25D      0x25D   .absSeg169
.abs_section_25e                   1   N/I      0x25E      0x25E   .absSeg170
.abs_section_25f                   1   N/I      0x25F      0x25F   .absSeg171
.abs_section_260                   1   N/I      0x260      0x260   .absSeg172
.abs_section_261                   1   N/I      0x261      0x261   .absSeg173
.abs_section_262                   1   N/I      0x262      0x262   .absSeg174
.abs_section_263                   1   N/I      0x263      0x263   .absSeg175
.abs_section_264                   1   N/I      0x264      0x264   .absSeg176
.abs_section_265                   1   N/I      0x265      0x265   .absSeg177
.abs_section_266                   1   N/I      0x266      0x266   .absSeg178
.abs_section_267                   1   N/I      0x267      0x267   .absSeg179
.abs_section_268                   1   N/I      0x268      0x268   .absSeg180
.abs_section_269                   1   N/I      0x269      0x269   .absSeg181
.abs_section_26a                   1   N/I      0x26A      0x26A   .absSeg182
.abs_section_26b                   1   N/I      0x26B      0x26B   .absSeg183
.abs_section_26c                   1   N/I      0x26C      0x26C   .absSeg184
.abs_section_26d                   1   N/I      0x26D      0x26D   .absSeg185
.abs_section_26e                   1   N/I      0x26E      0x26E   .absSeg186
.abs_section_26f                   1   N/I      0x26F      0x26F   .absSeg187
.abs_section_270                   1   N/I      0x270      0x270   .absSeg188
.abs_section_271                   1   N/I      0x271      0x271   .absSeg189
.abs_section_272                   1   N/I      0x272      0x272   .absSeg190
.abs_section_273                   1   N/I      0x273      0x273   .absSeg191
.abs_section_274                   1   N/I      0x274      0x274   .absSeg192
.abs_section_275                   1   N/I      0x275      0x275   .absSeg193
.abs_section_1a                    2   N/I       0x1A       0x1B   .absSeg194
.abs_section_22                    2   N/I       0x22       0x23   .absSeg195
.abs_section_26                    2   N/I       0x26       0x27   .absSeg196
.abs_section_2b                    2   N/I       0x2B       0x2C   .absSeg197
.abs_section_2e                    2   N/I       0x2E       0x2F   .absSeg198
.abs_section_44                    2   N/I       0x44       0x45   .absSeg199
.abs_section_50                    2   N/I       0x50       0x51   .absSeg200
.abs_section_52                    2   N/I       0x52       0x53   .absSeg201
.abs_section_54                    2   N/I       0x54       0x55   .absSeg202
.abs_section_56                    2   N/I       0x56       0x57   .absSeg203
.abs_section_58                    2   N/I       0x58       0x59   .absSeg204
.abs_section_5a                    2   N/I       0x5A       0x5B   .absSeg205
.abs_section_5c                    2   N/I       0x5C       0x5D   .absSeg206
.abs_section_5e                    2   N/I       0x5E       0x5F   .absSeg207
.abs_section_62                    2   N/I       0x62       0x63   .absSeg208
.abs_section_82                    2   N/I       0x82       0x83   .absSeg209
.abs_section_84                    2   N/I       0x84       0x85   .absSeg210
.abs_section_90                    2   N/I       0x90       0x91   .absSeg211
.abs_section_92                    2   N/I       0x92       0x93   .absSeg212
.abs_section_94                    2   N/I       0x94       0x95   .absSeg213
.abs_section_96                    2   N/I       0x96       0x97   .absSeg214
.abs_section_98                    2   N/I       0x98       0x99   .absSeg215
.abs_section_9a                    2   N/I       0x9A       0x9B   .absSeg216
.abs_section_9c                    2   N/I       0x9C       0x9D   .absSeg217
.abs_section_9e                    2   N/I       0x9E       0x9F   .absSeg218
.abs_section_c8                    2   N/I       0xC8       0xC9   .absSeg219
.abs_section_ec                    2   N/I       0xEC       0xED   .absSeg220
.abs_section_ee                    2   N/I       0xEE       0xEF   .absSeg221
.abs_section_f0                    2   N/I       0xF0       0xF1   .absSeg222
.abs_section_f2                    2   N/I       0xF2       0xF3   .absSeg223
.abs_section_f4                    2   N/I       0xF4       0xF5   .absSeg224
.abs_section_f6                    2   N/I       0xF6       0xF7   .absSeg225
.abs_section_f8                    2   N/I       0xF8       0xF9   .absSeg226
.abs_section_fa                    2   N/I       0xFA       0xFB   .absSeg227
.abs_section_fc                    2   N/I       0xFC       0xFD   .absSeg228
.abs_section_16e                   2   N/I      0x16E      0x16F   .absSeg229
.abs_section_17e                   2   N/I      0x17E      0x17F   .absSeg230
.abs_section_ff80                128     R     0xFF80     0xFFFF   .absSeg231
.bss                              16   R/W     0x3814     0x3823   RAM
.common                          326   R/W     0x3824     0x3969   RAM
Motor_R_EN_CODE                   19     R     0xC91A     0xC92C   ROM_C000
Motor_L_EN_CODE                   25     R     0xC92D     0xC945   ROM_C000
Motor_R_Drive_CODE                27     R     0xC946     0xC960   ROM_C000
Motor_L_Drive1_CODE               21     R     0xC961     0xC975   ROM_C000
Motor_L_Drive2_CODE               21     R     0xC976     0xC98A   ROM_C000
Motor_L_Drive4_CODE               21     R     0xC98B     0xC99F   ROM_C000
Motor_L_Drive8_CODE               21     R     0xC9A0     0xC9B4   ROM_C000
Motor_L_DutyTimer_CODE            21     R     0xC9B5     0xC9C9   ROM_C000
Motor_R_DutyTimer_CODE            21     R     0xC9CA     0xC9DE   ROM_C000
MotorR_DriveTimer_CODE           119     R     0xC9DF     0xCA55   ROM_C000
MotorL_DriveTimer_CODE           119     R     0xCA56     0xCACC   ROM_C000
ADC_DATA                           6   R/W     0x396A     0x396F   RAM
ADC_CODE                          85     R     0xCACD     0xCB21   ROM_C000
MotorR_DriveTimer_DATA             3   R/W     0x3970     0x3972   RAM
MotorL_DriveTimer_DATA             3   R/W     0x3973     0x3975   RAM
ADC_CONST                          3     R     0xCB22     0xCB24   ROM_C000
.stack                           128   R/W     0x3976     0x39F5   RAM

Summary of section sizes per section type:
READ_ONLY (R):         BBF (dec:     3007)
READ_WRITE (R/W):      1F6 (dec:      502)
NO_INIT (N/I):         10C (dec:      268)

*********************************************************************************************
VECTOR-ALLOCATION SECTION
    Address     InitValue   InitFunction
---------------------------------------------------------------------------------------------

*********************************************************************************************
OBJECT-ALLOCATION SECTION
     Name               Module                 Addr   hSize   dSize     Ref    Section   RLIB
---------------------------------------------------------------------------------------------
MODULE:                 -- Start12.c.o --
- PROCEDURES:
     Init                                      C0B8      29      41       1   .text       
     _Startup                                  C0E1      12      18       1   .text       
- VARIABLES:
     _startupData                              C03B       6       6       3   .startData  
- LABELS:
     __SEG_END_SSTACK                          39F6       0       0       1               
MODULE:                 -- Cpu.c.o --
- PROCEDURES:
     PE_low_level_init                         C0F3      B0     176       1   .text       
     Cpu_Interrupt                             C000       2       2      55   .init       
     Cpu_Delay100US                            C002       E      14       6   .init       
     _EntryPoint                               C010      2B      43       3   .init       
- VARIABLES:
     Shadow_E                                  3824       1       1       3   .common     
     Shadow_T                                  3825       1       1       7   .common     
     Shadow_M                                  3826       1       1       7   .common     
MODULE:                 -- IO_Map.c.o --
- PROCEDURES:
- VARIABLES:
     _PORTA                                       0       1       1       3   .abs_section_0
     _PORTB                                       1       1       1       0   .abs_section_1
     _DDRA                                        2       1       1       1   .abs_section_2
     _DDRB                                        3       1       1       1   .abs_section_3
     _PORTE                                       8       1       1       9   .abs_section_8
     _DDRE                                        9       1       1       1   .abs_section_9
     _PEAR                                        A       1       1       3   .abs_section_a
     _MODE                                        B       1       1       0   .abs_section_b
     _PUCR                                        C       1       1       1   .abs_section_c
     _RDRIV                                       D       1       1       1   .abs_section_d
     _EBICTL                                      E       1       1       0   .abs_section_e
     _INITRM                                     10       1       1       1   .abs_section_10
     _INITRG                                     11       1       1       0   .abs_section_11
     _MISC                                       13       1       1       1   .abs_section_13
     _ITCR                                       15       1       1       0   .abs_section_15
     _ITEST                                      16       1       1       0   .abs_section_16
     _VREGCTRL                                   19       1       1       1   .abs_section_19
     _MEMSIZ0                                    1C       1       1       0   .abs_section_1c
     _MEMSIZ1                                    1D       1       1       0   .abs_section_1d
     _INTCR                                      1E       1       1       1   .abs_section_1e
     _HPRIO                                      1F       1       1       0   .abs_section_1f
     _DBGC1                                      20       1       1       0   .abs_section_20
     _DBGSC                                      21       1       1       0   .abs_section_21
     _DBGCNT                                     24       1       1       0   .abs_section_24
     _DBGCCX                                     25       1       1       0   .abs_section_25
     _DBGC2                                      28       1       1       0   .abs_section_28
     _DBGC3                                      29       1       1       0   .abs_section_29
     _DBGCAX                                     2A       1       1       0   .abs_section_2a
     _DBGCBX                                     2D       1       1       0   .abs_section_2d
     _PPAGE                                      30       1       1       0   .abs_section_30
     _SYNR                                       34       1       1       1   .abs_section_34
     _REFDV                                      35       1       1       1   .abs_section_35
     _CRGFLG                                     37       1       1       1   .abs_section_37
     _CRGINT                                     38       1       1       1   .abs_section_38
     _CLKSEL                                     39       1       1       2   .abs_section_39
     _PLLCTL                                     3A       1       1       2   .abs_section_3a
     _RTICTL                                     3B       1       1       0   .abs_section_3b
     _COPCTL                                     3C       1       1       1   .abs_section_3c
     _ARMCOP                                     3F       1       1       0   .abs_section_3f
     _TIOS                                       40       1       1       1   .abs_section_40
     _CFORC                                      41       1       1       0   .abs_section_41
     _OC7M                                       42       1       1       1   .abs_section_42
     _OC7D                                       43       1       1       0   .abs_section_43
     _TSCR1                                      46       1       1       2   .abs_section_46
     _TTOV                                       47       1       1       1   .abs_section_47
     _TCTL1                                      48       1       1       1   .abs_section_48
     _TCTL2                                      49       1       1       1   .abs_section_49
     _TCTL3                                      4A       1       1       0   .abs_section_4a
     _TCTL4                                      4B       1       1       0   .abs_section_4b
     _TIE                                        4C       1       1       9   .abs_section_4c
     _TSCR2                                      4D       1       1       2   .abs_section_4d
     _TFLG1                                      4E       1       1      10   .abs_section_4e
     _TFLG2                                      4F       1       1       0   .abs_section_4f
     _PACTL                                      60       1       1       1   .abs_section_60
     _PAFLG                                      61       1       1       0   .abs_section_61
     _ATDSTAT0                                   86       1       1       0   .abs_section_86
     _ATDTEST1                                   89       1       1       0   .abs_section_89
     _ATDSTAT1                                   8B       1       1       0   .abs_section_8b
     _ATDDIEN                                    8D       1       1       1   .abs_section_8d
     _PORTAD0                                    8F       1       1       0   .abs_section_8f
     _SCICR1                                     CA       1       1       0   .abs_section_ca
     _SCICR2                                     CB       1       1       0   .abs_section_cb
     _SCISR1                                     CC       1       1       0   .abs_section_cc
     _SCISR2                                     CD       1       1       0   .abs_section_cd
     _SCIDRH                                     CE       1       1       0   .abs_section_ce
     _SCIDRL                                     CF       1       1       0   .abs_section_cf
     _SPICR1                                     D8       1       1       0   .abs_section_d8
     _SPICR2                                     D9       1       1       0   .abs_section_d9
     _SPIBR                                      DA       1       1       0   .abs_section_da
     _SPISR                                      DB       1       1       0   .abs_section_db
     _SPIDR                                      DD       1       1       0   .abs_section_dd
     _PWME                                       E0       1       1       0   .abs_section_e0
     _PWMPOL                                     E1       1       1       0   .abs_section_e1
     _PWMCLK                                     E2       1       1       0   .abs_section_e2
     _PWMPRCLK                                   E3       1       1       0   .abs_section_e3
     _PWMCAE                                     E4       1       1       0   .abs_section_e4
     _PWMCTL                                     E5       1       1       0   .abs_section_e5
     _PWMSCLA                                    E8       1       1       0   .abs_section_e8
     _PWMSCLB                                    E9       1       1       0   .abs_section_e9
     _PWMSDN                                     FE       1       1       0   .abs_section_fe
     _FCLKDIV                                   100       1       1       0   .abs_section_100
     _FSEC                                      101       1       1       0   .abs_section_101
     _FCNFG                                     103       1       1       0   .abs_section_103
     _FPROT                                     104       1       1       0   .abs_section_104
     _FSTAT                                     105       1       1       0   .abs_section_105
     _FCMD                                      106       1       1       0   .abs_section_106
     _CANCTL0                                   140       1       1       0   .abs_section_140
     _CANCTL1                                   141       1       1       0   .abs_section_141
     _CANBTR0                                   142       1       1       0   .abs_section_142
     _CANBTR1                                   143       1       1       0   .abs_section_143
     _CANRFLG                                   144       1       1       0   .abs_section_144
     _CANRIER                                   145       1       1       0   .abs_section_145
     _CANTFLG                                   146       1       1       0   .abs_section_146
     _CANTIER                                   147       1       1       0   .abs_section_147
     _CANTARQ                                   148       1       1       0   .abs_section_148
     _CANTAAK                                   149       1       1       0   .abs_section_149
     _CANTBSEL                                  14A       1       1       0   .abs_section_14a
     _CANIDAC                                   14B       1       1       0   .abs_section_14b
     _CANRXERR                                  14E       1       1       0   .abs_section_14e
     _CANTXERR                                  14F       1       1       0   .abs_section_14f
     _CANIDAR0                                  150       1       1       0   .abs_section_150
     _CANIDAR1                                  151       1       1       0   .abs_section_151
     _CANIDAR2                                  152       1       1       0   .abs_section_152
     _CANIDAR3                                  153       1       1       0   .abs_section_153
     _CANIDMR0                                  154       1       1       0   .abs_section_154
     _CANIDMR1                                  155       1       1       0   .abs_section_155
     _CANIDMR2                                  156       1       1       0   .abs_section_156
     _CANIDMR3                                  157       1       1       0   .abs_section_157
     _CANIDAR4                                  158       1       1       0   .abs_section_158
     _CANIDAR5                                  159       1       1       0   .abs_section_159
     _CANIDAR6                                  15A       1       1       0   .abs_section_15a
     _CANIDAR7                                  15B       1       1       0   .abs_section_15b
     _CANIDMR4                                  15C       1       1       0   .abs_section_15c
     _CANIDMR5                                  15D       1       1       0   .abs_section_15d
     _CANIDMR6                                  15E       1       1       0   .abs_section_15e
     _CANIDMR7                                  15F       1       1       0   .abs_section_15f
     _CANRXIDR0                                 160       1       1       0   .abs_section_160
     _CANRXIDR1                                 161       1       1       0   .abs_section_161
     _CANRXIDR2                                 162       1       1       0   .abs_section_162
     _CANRXIDR3                                 163       1       1       0   .abs_section_163
     _CANRXDSR0                                 164       1       1       0   .abs_section_164
     _CANRXDSR1                                 165       1       1       0   .abs_section_165
     _CANRXDSR2                                 166       1       1       0   .abs_section_166
     _CANRXDSR3                                 167       1       1       0   .abs_section_167
     _CANRXDSR4                                 168       1       1       0   .abs_section_168
     _CANRXDSR5                                 169       1       1       0   .abs_section_169
     _CANRXDSR6                                 16A       1       1       0   .abs_section_16a
     _CANRXDSR7                                 16B       1       1       0   .abs_section_16b
     _CANRXDLR                                  16C       1       1       0   .abs_section_16c
     _CANTXIDR0                                 170       1       1       0   .abs_section_170
     _CANTXIDR1                                 171       1       1       0   .abs_section_171
     _CANTXIDR2                                 172       1       1       0   .abs_section_172
     _CANTXIDR3                                 173       1       1       0   .abs_section_173
     _CANTXDSR0                                 174       1       1       0   .abs_section_174
     _CANTXDSR1                                 175       1       1       0   .abs_section_175
     _CANTXDSR2                                 176       1       1       0   .abs_section_176
     _CANTXDSR3                                 177       1       1       0   .abs_section_177
     _CANTXDSR4                                 178       1       1       0   .abs_section_178
     _CANTXDSR5                                 179       1       1       0   .abs_section_179
     _CANTXDSR6                                 17A       1       1       0   .abs_section_17a
     _CANTXDSR7                                 17B       1       1       0   .abs_section_17b
     _CANTXDLR                                  17C       1       1       0   .abs_section_17c
     _CANTXTBPR                                 17D       1       1       0   .abs_section_17d
     _PTT                                       240       1       1       7   .abs_section_240
     _PTIT                                      241       1       1       0   .abs_section_241
     _DDRT                                      242       1       1       1   .abs_section_242
     _RDRT                                      243       1       1       1   .abs_section_243
     _PERT                                      244       1       1       1   .abs_section_244
     _PPST                                      245       1       1       0   .abs_section_245
     _MODRR                                     247       1       1       0   .abs_section_247
     _PTS                                       248       1       1       0   .abs_section_248
     _PTIS                                      249       1       1       0   .abs_section_249
     _DDRS                                      24A       1       1       0   .abs_section_24a
     _RDRS                                      24B       1       1       1   .abs_section_24b
     _PERS                                      24C       1       1       1   .abs_section_24c
     _PPSS                                      24D       1       1       0   .abs_section_24d
     _WOMS                                      24E       1       1       0   .abs_section_24e
     _PTM                                       250       1       1       7   .abs_section_250
     _PTIM                                      251       1       1       0   .abs_section_251
     _DDRM                                      252       1       1       1   .abs_section_252
     _RDRM                                      253       1       1       1   .abs_section_253
     _PERM                                      254       1       1       1   .abs_section_254
     _PPSM                                      255       1       1       0   .abs_section_255
     _WOMM                                      256       1       1       1   .abs_section_256
     _PTP                                       258       1       1       0   .abs_section_258
     _PTIP                                      259       1       1       0   .abs_section_259
     _DDRP                                      25A       1       1       0   .abs_section_25a
     _RDRP                                      25B       1       1       1   .abs_section_25b
     _PERP                                      25C       1       1       1   .abs_section_25c
     _PPSP                                      25D       1       1       0   .abs_section_25d
     _PIEP                                      25E       1       1       0   .abs_section_25e
     _PIFP                                      25F       1       1       0   .abs_section_25f
     _PTH                                       260       1       1       0   .abs_section_260
     _PTIH                                      261       1       1       0   .abs_section_261
     _DDRH                                      262       1       1       0   .abs_section_262
     _RDRH                                      263       1       1       0   .abs_section_263
     _PERH                                      264       1       1       0   .abs_section_264
     _PPSH                                      265       1       1       0   .abs_section_265
     _PIEH                                      266       1       1       0   .abs_section_266
     _PIFH                                      267       1       1       0   .abs_section_267
     _PTJ                                       268       1       1       0   .abs_section_268
     _PTIJ                                      269       1       1       0   .abs_section_269
     _DDRJ                                      26A       1       1       0   .abs_section_26a
     _RDRJ                                      26B       1       1       0   .abs_section_26b
     _PERJ                                      26C       1       1       1   .abs_section_26c
     _PPSJ                                      26D       1       1       0   .abs_section_26d
     _PIEJ                                      26E       1       1       0   .abs_section_26e
     _PIFJ                                      26F       1       1       0   .abs_section_26f
     _PTAD                                      270       1       1       0   .abs_section_270
     _PTIAD                                     271       1       1       0   .abs_section_271
     _DDRAD                                     272       1       1       0   .abs_section_272
     _RDRAD                                     273       1       1       1   .abs_section_273
     _PERAD                                     274       1       1       0   .abs_section_274
     _PPSAD                                     275       1       1       0   .abs_section_275
     _PARTID                                     1A       2       2       0   .abs_section_1a
     _DBGTB                                      22       2       2       0   .abs_section_22
     _DBGCC                                      26       2       2       0   .abs_section_26
     _DBGCA                                      2B       2       2       0   .abs_section_2b
     _DBGCB                                      2E       2       2       0   .abs_section_2e
     _TCNT                                       44       2       2       4   .abs_section_44
     _TC0                                        50       2       2       4   .abs_section_50
     _TC1                                        52       2       2       4   .abs_section_52
     _TC2                                        54       2       2       4   .abs_section_54
     _TC3                                        56       2       2       4   .abs_section_56
     _TC4                                        58       2       2       3   .abs_section_58
     _TC5                                        5A       2       2       0   .abs_section_5a
     _TC6                                        5C       2       2       0   .abs_section_5c
     _TC7                                        5E       2       2       0   .abs_section_5e
     _PACNT                                      62       2       2       0   .abs_section_62
     _ATDCTL23                                   82       2       2       2   .abs_section_82
     _ATDCTL45                                   84       2       2       3   .abs_section_84
     _ATDDR0                                     90       2       2       1   .abs_section_90
     _ATDDR1                                     92       2       2       0   .abs_section_92
     _ATDDR2                                     94       2       2       0   .abs_section_94
     _ATDDR3                                     96       2       2       0   .abs_section_96
     _ATDDR4                                     98       2       2       0   .abs_section_98
     _ATDDR5                                     9A       2       2       0   .abs_section_9a
     _ATDDR6                                     9C       2       2       0   .abs_section_9c
     _ATDDR7                                     9E       2       2       0   .abs_section_9e
     _SCIBD                                      C8       2       2       0   .abs_section_c8
     _PWMCNT01                                   EC       2       2       0   .abs_section_ec
     _PWMCNT23                                   EE       2       2       0   .abs_section_ee
     _PWMCNT45                                   F0       2       2       0   .abs_section_f0
     _PWMPER01                                   F2       2       2       0   .abs_section_f2
     _PWMPER23                                   F4       2       2       0   .abs_section_f4
     _PWMPER45                                   F6       2       2       0   .abs_section_f6
     _PWMDTY01                                   F8       2       2       0   .abs_section_f8
     _PWMDTY23                                   FA       2       2       0   .abs_section_fa
     _PWMDTY45                                   FC       2       2       0   .abs_section_fc
     _CANRXTSR                                  16E       2       2       0   .abs_section_16e
     _CANTXTSR                                  17E       2       2       0   .abs_section_17e
MODULE:                 -- Vectors.c.o --
- PROCEDURES:
- VARIABLES:
     _InterruptVectorTable                     FF80      80     128       0   .abs_section_ff80
MODULE:                 -- Events.c.o --
- PROCEDURES:
     Motor_L_WriteBits                         C1A3      1D      29       2   .text       
     Motor_R_WriteBits                         C1C0       3       3       2   .text       
     Motor_R_DutyTimer_OnInterrupt             C1C3      1B      27       1   .text       
     Motor_L_DutyTimer_OnInterrupt             C1DE      1B      27       1   .text       
     MotorL_DriveTimer_OnInterrupt             C1F9      2E      46       1   .text       
     MotorR_DriveTimer_OnInterrupt             C227      3C      60       1   .text       
     ADC_OnEnd                                 C263       1       1       1   .text       
     PID_OnInterrupt                           C264      74     116       1   .text       
- VARIABLES:
     toggle1                                   3827       2       2       2   .common     
     toggle2                                   3829       2       2       2   .common     
MODULE:                 -- Project.c.o --
- PROCEDURES:
     initializeLCD                             C2D8      3B      59       1   .text       
     writeCom                                  C313      27      39       9   .text       
     writeData                                 C33A      27      39      10   .text       
     clearLCD                                  C361       5       5       1   .text       
     pollSensors                               C366      4A      74       2   .text       
     displayEnd                                C3B0      5D      93       1   .text       
     powerMotors                               C40D      14      20       3   .text       
     forward                                   C421      1F      31       1   .text       
     left                                      C440      21      33       4   .text       
     right                                     C461      21      33       4   .text       
     fullturn                                  C482      22      34       5   .text       
     calculateMinDistance                      C4A4      7B     123       2   .text       
     updateWalls                               C51F      AA     170       4   .text       
     nextMove                                  C5C9     246     582      44   .text       
     main                                      C80F      73     115       1   .text       
- VARIABLES:
     motorSeq                                  3800       8       8       2   .data       
     yFinal                                    3808       2       2       1   .data       
     xFinal1                                   380A       2       2       1   .data       
     xFinal2                                   380C       2       2       1   .data       
     direction                                 380E       2       2       6   .data       
     unitcell                                  3810       2       2       1   .data       
     unitrotation                              3812       2       2       3   .data       
     motorL                                    3814       2       2       5   .bss        
     motorR                                    3816       2       2       5   .bss        
     steps                                     3818       2       2      10   .bss        
     dirR                                      381A       2       2      10   .bss        
     dirL                                      381C       2       2      10   .bss        
     yCurrent                                  381E       2       2      10   .bss        
     xCurrent                                  3820       2       2      10   .bss        
     moveComplete                              3822       2       2      24   .bss        
     sensors                                   382B       3       3      12   .common     
     walls                                     382E      9C     156      23   .common     
     distance                                  38CA      9C     156      13   .common     
     error                                     3966       2       2       3   .common     
     Kp                                        3968       2       2       3   .common     
MODULE:                 -- Motor_R_EN.c.o --
- PROCEDURES:
     Motor_R_EN_PutVal                         C91A      13      19       2   Motor_R_EN_CODE
- VARIABLES:
MODULE:                 -- Motor_L_EN.c.o --
- PROCEDURES:
     Motor_L_EN_PutVal                         C92D      19      25       1   Motor_L_EN_CODE
- VARIABLES:
MODULE:                 -- Motor_R_Drive.c.o --
- PROCEDURES:
     Motor_R_Drive_PutVal                      C946      1B      27       3   Motor_R_Drive_CODE
- VARIABLES:
MODULE:                 -- Motor_L_Drive1.c.o --
- PROCEDURES:
     Motor_L_Drive1_PutVal                     C961      15      21       1   Motor_L_Drive1_CODE
- VARIABLES:
MODULE:                 -- Motor_L_Drive2.c.o --
- PROCEDURES:
     Motor_L_Drive2_PutVal                     C976      15      21       1   Motor_L_Drive2_CODE
- VARIABLES:
MODULE:                 -- Motor_L_Drive4.c.o --
- PROCEDURES:
     Motor_L_Drive4_PutVal                     C98B      15      21       1   Motor_L_Drive4_CODE
- VARIABLES:
MODULE:                 -- Motor_L_Drive8.c.o --
- PROCEDURES:
     Motor_L_Drive8_PutVal                     C9A0      15      21       1   Motor_L_Drive8_CODE
- VARIABLES:
MODULE:                 -- Motor_L_DutyTimer.c.o --
- PROCEDURES:
     Motor_L_DutyTimer_Interrupt               C045       F      15       1   NON_BANKED  
     Motor_L_DutyTimer_Enable                  C9B5       C      12       1   Motor_L_DutyTimer_CODE
     Motor_L_DutyTimer_Disable                 C9C1       9       9       1   Motor_L_DutyTimer_CODE
- VARIABLES:
MODULE:                 -- Motor_R_DutyTimer.c.o --
- PROCEDURES:
     Motor_R_DutyTimer_Interrupt               C054       F      15       1   NON_BANKED  
     Motor_R_DutyTimer_Enable                  C9CA       C      12       1   Motor_R_DutyTimer_CODE
     Motor_R_DutyTimer_Disable                 C9D6       9       9       1   Motor_R_DutyTimer_CODE
- VARIABLES:
MODULE:                 -- MotorR_DriveTimer.c.o --
- PROCEDURES:
     MotorR_DriveTimer_Interrupt               C063       F      15       1   NON_BANKED  
     MotorR_DriveTimer_Enable                  C9DF      16      22       1   MotorR_DriveTimer_CODE
     MotorR_DriveTimer_Disable                 C9F5       C      12       1   MotorR_DriveTimer_CODE
     MotorR_DriveTimer_SetPeriodUS             CA01      47      71       2   MotorR_DriveTimer_CODE
     MotorR_DriveTimer_Init                    CA48       E      14       1   MotorR_DriveTimer_CODE
- VARIABLES:
     EnUser                                    3970       1       1       4   MotorR_DriveTimer_DATA
     CmpVal                                    3971       2       2       4   MotorR_DriveTimer_DATA
MODULE:                 -- MotorL_DriveTimer.c.o --
- PROCEDURES:
     MotorL_DriveTimer_Interrupt               C072       F      15       1   NON_BANKED  
     MotorL_DriveTimer_Enable                  CA56      16      22       1   MotorL_DriveTimer_CODE
     MotorL_DriveTimer_Disable                 CA6C       C      12       1   MotorL_DriveTimer_CODE
     MotorL_DriveTimer_SetPeriodUS             CA78      47      71       2   MotorL_DriveTimer_CODE
     MotorL_DriveTimer_Init                    CABF       E      14       1   MotorL_DriveTimer_CODE
- VARIABLES:
     EnUser                                    3973       1       1       4   MotorL_DriveTimer_DATA
     CmpVal                                    3974       2       2       4   MotorL_DriveTimer_DATA
MODULE:                 -- PID.c.o --
- PROCEDURES:
     PID_Interrupt                             C081       F      15       1   NON_BANKED  
- VARIABLES:
MODULE:                 -- ADC.c.o --
- PROCEDURES:
     ADC_Interrupt                             C090      28      40       1   NON_BANKED  
     ADC_Measure                               CACD      25      37       1   ADC_CODE    
     ADC_GetValue8                             CAF2      1E      30       1   ADC_CODE    
     ADC_Init                                  CB10      12      18       1   ADC_CODE    
- VARIABLES:
     OutFlg                                    396A       1       1       4   ADC_DATA    
     SumChan                                   396B       1       1       4   ADC_DATA    
     ModeFlg                                   396C       1       1       5   ADC_DATA    
     ADC_OutV                                  396D       3       3       4   ADC_DATA    
     Channels                                  CB22       3       3       1   ADC_CONST   
MODULE:                 -- PE_Timer.c.o --
- PROCEDURES:
     PE_Timer_LngMul                           C882      6C     108       2   .text       
     PE_Timer_LngHi4                           C8EE      2C      44       2   .text       
- VARIABLES:

*********************************************************************************************
MODULE STATISTIC
  Name                                      Data   Code  Const
---------------------------------------------------------------------------------------------
  Start12.c.o                                  0     59      0
  Cpu.c.o                                      3    235      0
  IO_Map.c.o                                 268      0      0
  Vectors.c.o                                  0      0    128
  Events.c.o                                   4    309      0
  Project.c.o                                355   1450      0
  Motor_R_EN.c.o                               0     19      0
  Motor_L_EN.c.o                               0     25      0
  Motor_R_Drive.c.o                            0     27      0
  Motor_L_Drive1.c.o                           0     21      0
  Motor_L_Drive2.c.o                           0     21      0
  Motor_L_Drive4.c.o                           0     21      0
  Motor_L_Drive8.c.o                           0     21      0
  Motor_L_DutyTimer.c.o                        0     36      0
  Motor_R_DutyTimer.c.o                        0     36      0
  MotorR_DriveTimer.c.o                        3    134      0
  MotorL_DriveTimer.c.o                        3    134      0
  PID.c.o                                      0     15      0
  ADC.c.o                                      6    125      3
  PE_Timer.c.o                                 0    152      0
  other                                      128     10     26

*********************************************************************************************
SECTION USE IN OBJECT-ALLOCATION SECTION
---------------------------------------------------------------------------------------------
SECTION: ".text"
  Init _Startup PE_low_level_init Motor_L_WriteBits Motor_R_WriteBits 
  Motor_R_DutyTimer_OnInterrupt Motor_L_DutyTimer_OnInterrupt 
  MotorL_DriveTimer_OnInterrupt MotorR_DriveTimer_OnInterrupt ADC_OnEnd 
  PID_OnInterrupt initializeLCD writeCom writeData clearLCD pollSensors 
  displayEnd powerMotors forward left right fullturn calculateMinDistance 
  updateWalls nextMove main PE_Timer_LngMul PE_Timer_LngHi4 
SECTION: ".data"
  motorSeq yFinal xFinal1 xFinal2 direction unitcell unitrotation 
SECTION: ".bss"
  motorL motorR steps dirR dirL yCurrent xCurrent moveComplete 
SECTION: ".init"
  Cpu_Interrupt Cpu_Delay100US _EntryPoint 
SECTION: "NON_BANKED"
  Motor_L_DutyTimer_Interrupt Motor_R_DutyTimer_Interrupt 
  MotorR_DriveTimer_Interrupt MotorL_DriveTimer_Interrupt PID_Interrupt 
  ADC_Interrupt 
SECTION: ".common"
  Shadow_E Shadow_T Shadow_M toggle1 toggle2 sensors walls distance error Kp 
SECTION: "Motor_R_EN_CODE"
  Motor_R_EN_PutVal 
SECTION: "Motor_L_EN_CODE"
  Motor_L_EN_PutVal 
SECTION: "Motor_R_Drive_CODE"
  Motor_R_Drive_PutVal 
SECTION: "Motor_L_Drive1_CODE"
  Motor_L_Drive1_PutVal 
SECTION: "Motor_L_Drive2_CODE"
  Motor_L_Drive2_PutVal 
SECTION: "Motor_L_Drive4_CODE"
  Motor_L_Drive4_PutVal 
SECTION: "Motor_L_Drive8_CODE"
  Motor_L_Drive8_PutVal 
SECTION: "Motor_L_DutyTimer_CODE"
  Motor_L_DutyTimer_Enable Motor_L_DutyTimer_Disable 
SECTION: "Motor_R_DutyTimer_CODE"
  Motor_R_DutyTimer_Enable Motor_R_DutyTimer_Disable 
SECTION: "MotorR_DriveTimer_CODE"
  MotorR_DriveTimer_Enable MotorR_DriveTimer_Disable 
  MotorR_DriveTimer_SetPeriodUS MotorR_DriveTimer_Init 
SECTION: "MotorL_DriveTimer_CODE"
  MotorL_DriveTimer_Enable MotorL_DriveTimer_Disable 
  MotorL_DriveTimer_SetPeriodUS MotorL_DriveTimer_Init 
SECTION: "ADC_DATA"
  OutFlg SumChan ModeFlg ADC_OutV 
SECTION: "ADC_CODE"
  ADC_Measure ADC_GetValue8 ADC_Init 
SECTION: ".abs_section_0"
  _PORTA 
SECTION: ".abs_section_1"
  _PORTB 
SECTION: ".abs_section_2"
  _DDRA 
SECTION: ".abs_section_3"
  _DDRB 
SECTION: ".abs_section_8"
  _PORTE 
SECTION: ".abs_section_9"
  _DDRE 
SECTION: ".abs_section_a"
  _PEAR 
SECTION: ".abs_section_b"
  _MODE 
SECTION: ".abs_section_c"
  _PUCR 
SECTION: ".abs_section_d"
  _RDRIV 
SECTION: ".abs_section_e"
  _EBICTL 
SECTION: ".abs_section_10"
  _INITRM 
SECTION: ".abs_section_11"
  _INITRG 
SECTION: ".abs_section_13"
  _MISC 
SECTION: ".abs_section_15"
  _ITCR 
SECTION: ".abs_section_16"
  _ITEST 
SECTION: ".abs_section_19"
  _VREGCTRL 
SECTION: ".abs_section_1c"
  _MEMSIZ0 
SECTION: ".abs_section_1d"
  _MEMSIZ1 
SECTION: ".abs_section_1e"
  _INTCR 
SECTION: ".abs_section_1f"
  _HPRIO 
SECTION: ".abs_section_20"
  _DBGC1 
SECTION: ".abs_section_21"
  _DBGSC 
SECTION: ".abs_section_24"
  _DBGCNT 
SECTION: ".abs_section_25"
  _DBGCCX 
SECTION: ".abs_section_28"
  _DBGC2 
SECTION: ".abs_section_29"
  _DBGC3 
SECTION: ".abs_section_2a"
  _DBGCAX 
SECTION: ".abs_section_2d"
  _DBGCBX 
SECTION: ".abs_section_30"
  _PPAGE 
SECTION: ".abs_section_34"
  _SYNR 
SECTION: ".abs_section_35"
  _REFDV 
SECTION: ".abs_section_37"
  _CRGFLG 
SECTION: ".abs_section_38"
  _CRGINT 
SECTION: ".abs_section_39"
  _CLKSEL 
SECTION: ".abs_section_3a"
  _PLLCTL 
SECTION: ".abs_section_3b"
  _RTICTL 
SECTION: ".abs_section_3c"
  _COPCTL 
SECTION: ".abs_section_3f"
  _ARMCOP 
SECTION: ".abs_section_40"
  _TIOS 
SECTION: ".abs_section_41"
  _CFORC 
SECTION: ".abs_section_42"
  _OC7M 
SECTION: ".abs_section_43"
  _OC7D 
SECTION: ".abs_section_46"
  _TSCR1 
SECTION: ".abs_section_47"
  _TTOV 
SECTION: ".abs_section_48"
  _TCTL1 
SECTION: ".abs_section_49"
  _TCTL2 
SECTION: ".abs_section_4a"
  _TCTL3 
SECTION: ".abs_section_4b"
  _TCTL4 
SECTION: ".abs_section_4c"
  _TIE 
SECTION: ".abs_section_4d"
  _TSCR2 
SECTION: ".abs_section_4e"
  _TFLG1 
SECTION: ".abs_section_4f"
  _TFLG2 
SECTION: ".abs_section_60"
  _PACTL 
SECTION: ".abs_section_61"
  _PAFLG 
SECTION: ".abs_section_86"
  _ATDSTAT0 
SECTION: ".abs_section_89"
  _ATDTEST1 
SECTION: ".abs_section_8b"
  _ATDSTAT1 
SECTION: ".abs_section_8d"
  _ATDDIEN 
SECTION: ".abs_section_8f"
  _PORTAD0 
SECTION: ".abs_section_ca"
  _SCICR1 
SECTION: ".abs_section_cb"
  _SCICR2 
SECTION: ".abs_section_cc"
  _SCISR1 
SECTION: ".abs_section_cd"
  _SCISR2 
SECTION: ".abs_section_ce"
  _SCIDRH 
SECTION: ".abs_section_cf"
  _SCIDRL 
SECTION: ".abs_section_d8"
  _SPICR1 
SECTION: ".abs_section_d9"
  _SPICR2 
SECTION: ".abs_section_da"
  _SPIBR 
SECTION: ".abs_section_db"
  _SPISR 
SECTION: ".abs_section_dd"
  _SPIDR 
SECTION: ".abs_section_e0"
  _PWME 
SECTION: ".abs_section_e1"
  _PWMPOL 
SECTION: ".abs_section_e2"
  _PWMCLK 
SECTION: ".abs_section_e3"
  _PWMPRCLK 
SECTION: ".abs_section_e4"
  _PWMCAE 
SECTION: ".abs_section_e5"
  _PWMCTL 
SECTION: ".abs_section_e8"
  _PWMSCLA 
SECTION: ".abs_section_e9"
  _PWMSCLB 
SECTION: ".abs_section_fe"
  _PWMSDN 
SECTION: ".abs_section_100"
  _FCLKDIV 
SECTION: ".abs_section_101"
  _FSEC 
SECTION: ".abs_section_103"
  _FCNFG 
SECTION: ".abs_section_104"
  _FPROT 
SECTION: ".abs_section_105"
  _FSTAT 
SECTION: ".abs_section_106"
  _FCMD 
SECTION: ".abs_section_140"
  _CANCTL0 
SECTION: ".abs_section_141"
  _CANCTL1 
SECTION: ".abs_section_142"
  _CANBTR0 
SECTION: ".abs_section_143"
  _CANBTR1 
SECTION: ".abs_section_144"
  _CANRFLG 
SECTION: ".abs_section_145"
  _CANRIER 
SECTION: ".abs_section_146"
  _CANTFLG 
SECTION: ".abs_section_147"
  _CANTIER 
SECTION: ".abs_section_148"
  _CANTARQ 
SECTION: ".abs_section_149"
  _CANTAAK 
SECTION: ".abs_section_14a"
  _CANTBSEL 
SECTION: ".abs_section_14b"
  _CANIDAC 
SECTION: ".abs_section_14e"
  _CANRXERR 
SECTION: ".abs_section_14f"
  _CANTXERR 
SECTION: ".abs_section_150"
  _CANIDAR0 
SECTION: ".abs_section_151"
  _CANIDAR1 
SECTION: ".abs_section_152"
  _CANIDAR2 
SECTION: ".abs_section_153"
  _CANIDAR3 
SECTION: ".abs_section_154"
  _CANIDMR0 
SECTION: ".abs_section_155"
  _CANIDMR1 
SECTION: ".abs_section_156"
  _CANIDMR2 
SECTION: ".abs_section_157"
  _CANIDMR3 
SECTION: ".abs_section_158"
  _CANIDAR4 
SECTION: ".abs_section_159"
  _CANIDAR5 
SECTION: ".abs_section_15a"
  _CANIDAR6 
SECTION: ".abs_section_15b"
  _CANIDAR7 
SECTION: ".abs_section_15c"
  _CANIDMR4 
SECTION: ".abs_section_15d"
  _CANIDMR5 
SECTION: ".abs_section_15e"
  _CANIDMR6 
SECTION: ".abs_section_15f"
  _CANIDMR7 
SECTION: ".abs_section_160"
  _CANRXIDR0 
SECTION: ".abs_section_161"
  _CANRXIDR1 
SECTION: ".abs_section_162"
  _CANRXIDR2 
SECTION: ".abs_section_163"
  _CANRXIDR3 
SECTION: ".abs_section_164"
  _CANRXDSR0 
SECTION: ".abs_section_165"
  _CANRXDSR1 
SECTION: ".abs_section_166"
  _CANRXDSR2 
SECTION: ".abs_section_167"
  _CANRXDSR3 
SECTION: ".abs_section_168"
  _CANRXDSR4 
SECTION: ".abs_section_169"
  _CANRXDSR5 
SECTION: ".abs_section_16a"
  _CANRXDSR6 
SECTION: ".abs_section_16b"
  _CANRXDSR7 
SECTION: ".abs_section_16c"
  _CANRXDLR 
SECTION: ".abs_section_170"
  _CANTXIDR0 
SECTION: ".abs_section_171"
  _CANTXIDR1 
SECTION: ".abs_section_172"
  _CANTXIDR2 
SECTION: ".abs_section_173"
  _CANTXIDR3 
SECTION: ".abs_section_174"
  _CANTXDSR0 
SECTION: ".abs_section_175"
  _CANTXDSR1 
SECTION: ".abs_section_176"
  _CANTXDSR2 
SECTION: ".abs_section_177"
  _CANTXDSR3 
SECTION: ".abs_section_178"
  _CANTXDSR4 
SECTION: ".abs_section_179"
  _CANTXDSR5 
SECTION: ".abs_section_17a"
  _CANTXDSR6 
SECTION: ".abs_section_17b"
  _CANTXDSR7 
SECTION: ".abs_section_17c"
  _CANTXDLR 
SECTION: ".abs_section_17d"
  _CANTXTBPR 
SECTION: ".abs_section_240"
  _PTT 
SECTION: ".abs_section_241"
  _PTIT 
SECTION: ".abs_section_242"
  _DDRT 
SECTION: ".abs_section_243"
  _RDRT 
SECTION: ".abs_section_244"
  _PERT 
SECTION: ".abs_section_245"
  _PPST 
SECTION: ".abs_section_247"
  _MODRR 
SECTION: ".abs_section_248"
  _PTS 
SECTION: ".abs_section_249"
  _PTIS 
SECTION: ".abs_section_24a"
  _DDRS 
SECTION: ".abs_section_24b"
  _RDRS 
SECTION: ".abs_section_24c"
  _PERS 
SECTION: ".abs_section_24d"
  _PPSS 
SECTION: ".abs_section_24e"
  _WOMS 
SECTION: ".abs_section_250"
  _PTM 
SECTION: ".abs_section_251"
  _PTIM 
SECTION: ".abs_section_252"
  _DDRM 
SECTION: ".abs_section_253"
  _RDRM 
SECTION: ".abs_section_254"
  _PERM 
SECTION: ".abs_section_255"
  _PPSM 
SECTION: ".abs_section_256"
  _WOMM 
SECTION: ".abs_section_258"
  _PTP 
SECTION: ".abs_section_259"
  _PTIP 
SECTION: ".abs_section_25a"
  _DDRP 
SECTION: ".abs_section_25b"
  _RDRP 
SECTION: ".abs_section_25c"
  _PERP 
SECTION: ".abs_section_25d"
  _PPSP 
SECTION: ".abs_section_25e"
  _PIEP 
SECTION: ".abs_section_25f"
  _PIFP 
SECTION: ".abs_section_260"
  _PTH 
SECTION: ".abs_section_261"
  _PTIH 
SECTION: ".abs_section_262"
  _DDRH 
SECTION: ".abs_section_263"
  _RDRH 
SECTION: ".abs_section_264"
  _PERH 
SECTION: ".abs_section_265"
  _PPSH 
SECTION: ".abs_section_266"
  _PIEH 
SECTION: ".abs_section_267"
  _PIFH 
SECTION: ".abs_section_268"
  _PTJ 
SECTION: ".abs_section_269"
  _PTIJ 
SECTION: ".abs_section_26a"
  _DDRJ 
SECTION: ".abs_section_26b"
  _RDRJ 
SECTION: ".abs_section_26c"
  _PERJ 
SECTION: ".abs_section_26d"
  _PPSJ 
SECTION: ".abs_section_26e"
  _PIEJ 
SECTION: ".abs_section_26f"
  _PIFJ 
SECTION: ".abs_section_270"
  _PTAD 
SECTION: ".abs_section_271"
  _PTIAD 
SECTION: ".abs_section_272"
  _DDRAD 
SECTION: ".abs_section_273"
  _RDRAD 
SECTION: ".abs_section_274"
  _PERAD 
SECTION: ".abs_section_275"
  _PPSAD 
SECTION: ".abs_section_1a"
  _PARTID 
SECTION: ".abs_section_22"
  _DBGTB 
SECTION: ".abs_section_26"
  _DBGCC 
SECTION: ".abs_section_2b"
  _DBGCA 
SECTION: ".abs_section_2e"
  _DBGCB 
SECTION: ".abs_section_44"
  _TCNT 
SECTION: ".abs_section_50"
  _TC0 
SECTION: ".abs_section_52"
  _TC1 
SECTION: ".abs_section_54"
  _TC2 
SECTION: ".abs_section_56"
  _TC3 
SECTION: ".abs_section_58"
  _TC4 
SECTION: ".abs_section_5a"
  _TC5 
SECTION: ".abs_section_5c"
  _TC6 
SECTION: ".abs_section_5e"
  _TC7 
SECTION: ".abs_section_62"
  _PACNT 
SECTION: ".abs_section_82"
  _ATDCTL23 
SECTION: ".abs_section_84"
  _ATDCTL45 
SECTION: ".abs_section_90"
  _ATDDR0 
SECTION: ".abs_section_92"
  _ATDDR1 
SECTION: ".abs_section_94"
  _ATDDR2 
SECTION: ".abs_section_96"
  _ATDDR3 
SECTION: ".abs_section_98"
  _ATDDR4 
SECTION: ".abs_section_9a"
  _ATDDR5 
SECTION: ".abs_section_9c"
  _ATDDR6 
SECTION: ".abs_section_9e"
  _ATDDR7 
SECTION: ".abs_section_c8"
  _SCIBD 
SECTION: ".abs_section_ec"
  _PWMCNT01 
SECTION: ".abs_section_ee"
  _PWMCNT23 
SECTION: ".abs_section_f0"
  _PWMCNT45 
SECTION: ".abs_section_f2"
  _PWMPER01 
SECTION: ".abs_section_f4"
  _PWMPER23 
SECTION: ".abs_section_f6"
  _PWMPER45 
SECTION: ".abs_section_f8"
  _PWMDTY01 
SECTION: ".abs_section_fa"
  _PWMDTY23 
SECTION: ".abs_section_fc"
  _PWMDTY45 
SECTION: ".abs_section_16e"
  _CANRXTSR 
SECTION: ".abs_section_17e"
  _CANTXTSR 
SECTION: ".abs_section_ff80"
  _InterruptVectorTable 
SECTION: "MotorR_DriveTimer_DATA"
  EnUser CmpVal 
SECTION: "MotorL_DriveTimer_DATA"
  EnUser CmpVal 
SECTION: "ADC_CONST"
  Channels 

*********************************************************************************************
OBJECT LIST SORTED BY ADDRESS
     Name                                      Addr   hSize   dSize     Ref    Section   RLIB
---------------------------------------------------------------------------------------------
     _PORTA                                       0       1       1       3   .abs_section_0
     _PORTB                                       1       1       1       0   .abs_section_1
     _DDRA                                        2       1       1       1   .abs_section_2
     _DDRB                                        3       1       1       1   .abs_section_3
     _PORTE                                       8       1       1       9   .abs_section_8
     _DDRE                                        9       1       1       1   .abs_section_9
     _PEAR                                        A       1       1       3   .abs_section_a
     _MODE                                        B       1       1       0   .abs_section_b
     _PUCR                                        C       1       1       1   .abs_section_c
     _RDRIV                                       D       1       1       1   .abs_section_d
     _EBICTL                                      E       1       1       0   .abs_section_e
     _INITRM                                     10       1       1       1   .abs_section_10
     _INITRG                                     11       1       1       0   .abs_section_11
     _MISC                                       13       1       1       1   .abs_section_13
     _ITCR                                       15       1       1       0   .abs_section_15
     _ITEST                                      16       1       1       0   .abs_section_16
     _VREGCTRL                                   19       1       1       1   .abs_section_19
     _PARTID                                     1A       2       2       0   .abs_section_1a
     _MEMSIZ0                                    1C       1       1       0   .abs_section_1c
     _MEMSIZ1                                    1D       1       1       0   .abs_section_1d
     _INTCR                                      1E       1       1       1   .abs_section_1e
     _HPRIO                                      1F       1       1       0   .abs_section_1f
     _DBGC1                                      20       1       1       0   .abs_section_20
     _DBGSC                                      21       1       1       0   .abs_section_21
     _DBGTB                                      22       2       2       0   .abs_section_22
     _DBGCNT                                     24       1       1       0   .abs_section_24
     _DBGCCX                                     25       1       1       0   .abs_section_25
     _DBGCC                                      26       2       2       0   .abs_section_26
     _DBGC2                                      28       1       1       0   .abs_section_28
     _DBGC3                                      29       1       1       0   .abs_section_29
     _DBGCAX                                     2A       1       1       0   .abs_section_2a
     _DBGCA                                      2B       2       2       0   .abs_section_2b
     _DBGCBX                                     2D       1       1       0   .abs_section_2d
     _DBGCB                                      2E       2       2       0   .abs_section_2e
     _PPAGE                                      30       1       1       0   .abs_section_30
     _SYNR                                       34       1       1       1   .abs_section_34
     _REFDV                                      35       1       1       1   .abs_section_35
     _CRGFLG                                     37       1       1       1   .abs_section_37
     _CRGINT                                     38       1       1       1   .abs_section_38
     _CLKSEL                                     39       1       1       2   .abs_section_39
     _PLLCTL                                     3A       1       1       2   .abs_section_3a
     _RTICTL                                     3B       1       1       0   .abs_section_3b
     _COPCTL                                     3C       1       1       1   .abs_section_3c
     _ARMCOP                                     3F       1       1       0   .abs_section_3f
     _TIOS                                       40       1       1       1   .abs_section_40
     _CFORC                                      41       1       1       0   .abs_section_41
     _OC7M                                       42       1       1       1   .abs_section_42
     _OC7D                                       43       1       1       0   .abs_section_43
     _TCNT                                       44       2       2       4   .abs_section_44
     _TSCR1                                      46       1       1       2   .abs_section_46
     _TTOV                                       47       1       1       1   .abs_section_47
     _TCTL1                                      48       1       1       1   .abs_section_48
     _TCTL2                                      49       1       1       1   .abs_section_49
     _TCTL3                                      4A       1       1       0   .abs_section_4a
     _TCTL4                                      4B       1       1       0   .abs_section_4b
     _TIE                                        4C       1       1       9   .abs_section_4c
     _TSCR2                                      4D       1       1       2   .abs_section_4d
     _TFLG1                                      4E       1       1      10   .abs_section_4e
     _TFLG2                                      4F       1       1       0   .abs_section_4f
     _TC0                                        50       2       2       4   .abs_section_50
     _TC1                                        52       2       2       4   .abs_section_52
     _TC2                                        54       2       2       4   .abs_section_54
     _TC3                                        56       2       2       4   .abs_section_56
     _TC4                                        58       2       2       3   .abs_section_58
     _TC5                                        5A       2       2       0   .abs_section_5a
     _TC6                                        5C       2       2       0   .abs_section_5c
     _TC7                                        5E       2       2       0   .abs_section_5e
     _PACTL                                      60       1       1       1   .abs_section_60
     _PAFLG                                      61       1       1       0   .abs_section_61
     _PACNT                                      62       2       2       0   .abs_section_62
     _ATDCTL23                                   82       2       2       2   .abs_section_82
     _ATDCTL45                                   84       2       2       3   .abs_section_84
     _ATDSTAT0                                   86       1       1       0   .abs_section_86
     _ATDTEST1                                   89       1       1       0   .abs_section_89
     _ATDSTAT1                                   8B       1       1       0   .abs_section_8b
     _ATDDIEN                                    8D       1       1       1   .abs_section_8d
     _PORTAD0                                    8F       1       1       0   .abs_section_8f
     _ATDDR0                                     90       2       2       1   .abs_section_90
     _ATDDR1                                     92       2       2       0   .abs_section_92
     _ATDDR2                                     94       2       2       0   .abs_section_94
     _ATDDR3                                     96       2       2       0   .abs_section_96
     _ATDDR4                                     98       2       2       0   .abs_section_98
     _ATDDR5                                     9A       2       2       0   .abs_section_9a
     _ATDDR6                                     9C       2       2       0   .abs_section_9c
     _ATDDR7                                     9E       2       2       0   .abs_section_9e
     _SCIBD                                      C8       2       2       0   .abs_section_c8
     _SCICR1                                     CA       1       1       0   .abs_section_ca
     _SCICR2                                     CB       1       1       0   .abs_section_cb
     _SCISR1                                     CC       1       1       0   .abs_section_cc
     _SCISR2                                     CD       1       1       0   .abs_section_cd
     _SCIDRH                                     CE       1       1       0   .abs_section_ce
     _SCIDRL                                     CF       1       1       0   .abs_section_cf
     _SPICR1                                     D8       1       1       0   .abs_section_d8
     _SPICR2                                     D9       1       1       0   .abs_section_d9
     _SPIBR                                      DA       1       1       0   .abs_section_da
     _SPISR                                      DB       1       1       0   .abs_section_db
     _SPIDR                                      DD       1       1       0   .abs_section_dd
     _PWME                                       E0       1       1       0   .abs_section_e0
     _PWMPOL                                     E1       1       1       0   .abs_section_e1
     _PWMCLK                                     E2       1       1       0   .abs_section_e2
     _PWMPRCLK                                   E3       1       1       0   .abs_section_e3
     _PWMCAE                                     E4       1       1       0   .abs_section_e4
     _PWMCTL                                     E5       1       1       0   .abs_section_e5
     _PWMSCLA                                    E8       1       1       0   .abs_section_e8
     _PWMSCLB                                    E9       1       1       0   .abs_section_e9
[...]
     toggle1                                   3827       2       2       2   .common     
     toggle2                                   3829       2       2       2   .common     
     sensors                                   382B       3       3      12   .common     
     walls                                     382E      9C     156      23   .common     
     distance                                  38CA      9C     156      13   .common     
     error                                     3966       2       2       3   .common     
     Kp                                        3968       2       2       3   .common     
     OutFlg                                    396A       1       1       4   ADC_DATA    
     SumChan                                   396B       1       1       4   ADC_DATA    
     ModeFlg                                   396C       1       1       5   ADC_DATA    
     ADC_OutV                                  396D       3       3       4   ADC_DATA    
     EnUser                                    3970       1       1       4   MotorR_DriveTimer_DATA
     CmpVal                                    3971       2       2       4   MotorR_DriveTimer_DATA
     EnUser                                    3973       1       1       4   MotorL_DriveTimer_DATA
     CmpVal                                    3974       2       2       4   MotorL_DriveTimer_DATA
     Cpu_Interrupt                             C000       2       2      55   .init       
     Cpu_Delay100US                            C002       E      14       6   .init       
     _EntryPoint                               C010      2B      43       3   .init       
     Motor_L_DutyTimer_Interrupt               C045       F      15       1   NON_BANKED  
     Motor_R_DutyTimer_Interrupt               C054       F      15       1   NON_BANKED  
     MotorR_DriveTimer_Interrupt               C063       F      15       1   NON_BANKED  
     MotorL_DriveTimer_Interrupt               C072       F      15       1   NON_BANKED  
     PID_Interrupt                             C081       F      15       1   NON_BANKED  
     ADC_Interrupt                             C090      28      40       1   NON_BANKED  
     Init                                      C0B8      29      41       1   .text       
     _Startup                                  C0E1      12      18       1   .text       
     PE_low_level_init                         C0F3      B0     176       1   .text       
     Motor_L_WriteBits                         C1A3      1D      29       2   .text       
     Motor_R_WriteBits                         C1C0       3       3       2   .text       
     Motor_R_DutyTimer_OnInterrupt             C1C3      1B      27       1   .text       
     Motor_L_DutyTimer_OnInterrupt             C1DE      1B      27       1   .text       
     MotorL_DriveTimer_OnInterrupt             C1F9      2E      46       1   .text       
     MotorR_DriveTimer_OnInterrupt             C227      3C      60       1   .text       
     ADC_OnEnd                                 C263       1       1       1   .text       
     PID_OnInterrupt                           C264      74     116       1   .text       
     initializeLCD                             C2D8      3B      59       1   .text       
     writeCom                                  C313      27      39       9   .text       
     writeData                                 C33A      27      39      10   .text       
     clearLCD                                  C361       5       5       1   .text       
     pollSensors                               C366      4A      74       2   .text       
     displayEnd                                C3B0      5D      93       1   .text       
     powerMotors                               C40D      14      20       3   .text       
     forward                                   C421      1F      31       1   .text       
     left                                      C440      21      33       4   .text       
     right                                     C461      21      33       4   .text       
     fullturn                                  C482      22      34       5   .text       
     calculateMinDistance                      C4A4      7B     123       2   .text       
     updateWalls                               C51F      AA     170       4   .text       
     nextMove                                  C5C9     246     582      44   .text       
     main                                      C80F      73     115       1   .text       
     PE_Timer_LngMul                           C882      6C     108       2   .text       
     PE_Timer_LngHi4                           C8EE      2C      44       2   .text       
     Motor_R_EN_PutVal                         C91A      13      19       2   Motor_R_EN_CODE
     Motor_L_EN_PutVal                         C92D      19      25       1   Motor_L_EN_CODE
     Motor_R_Drive_PutVal                      C946      1B      27       3   Motor_R_Drive_CODE
     Motor_L_Drive1_PutVal                     C961      15      21       1   Motor_L_Drive1_CODE
     Motor_L_Drive2_PutVal                     C976      15      21       1   Motor_L_Drive2_CODE
     Motor_L_Drive4_PutVal                     C98B      15      21       1   Motor_L_Drive4_CODE
     Motor_L_Drive8_PutVal                     C9A0      15      21       1   Motor_L_Drive8_CODE
     Motor_L_DutyTimer_Enable                  C9B5       C      12       1   Motor_L_DutyTimer_CODE
     Motor_L_DutyTimer_Disable                 C9C1       9       9       1   Motor_L_DutyTimer_CODE
     Motor_R_DutyTimer_Enable                  C9CA       C      12       1   Motor_R_DutyTimer_CODE
     Motor_R_DutyTimer_Disable                 C9D6       9       9       1   Motor_R_DutyTimer_CODE
     MotorR_DriveTimer_Enable                  C9DF      16      22       1   MotorR_DriveTimer_CODE
     MotorR_DriveTimer_Disable                 C9F5       C      12       1   MotorR_DriveTimer_CODE
     MotorR_DriveTimer_SetPeriodUS             CA01      47      71       2   MotorR_DriveTimer_CODE
     MotorR_DriveTimer_Init                    CA48       E      14       1   MotorR_DriveTimer_CODE
     MotorL_DriveTimer_Enable                  CA56      16      22       1   MotorL_DriveTimer_CODE
     MotorL_DriveTimer_Disable                 CA6C       C      12       1   MotorL_DriveTimer_CODE
     MotorL_DriveTimer_SetPeriodUS             CA78      47      71       2   MotorL_DriveTimer_CODE
     MotorL_DriveTimer_Init                    CABF       E      14       1   MotorL_DriveTimer_CODE
     ADC_Measure                               CACD      25      37       1   ADC_CODE    
     ADC_GetValue8                             CAF2      1E      30       1   ADC_CODE    
     ADC_Init                                  CB10      12      18       1   ADC_CODE    
     Channels                                  CB22       3       3       1   ADC_CONST   
     _InterruptVectorTable                     FF80      80     128       0   .abs_section_ff80

*********************************************************************************************
UNUSED-OBJECTS SECTION
---------------------------------------------------------------------------------------------
NOT USED PROCEDURES
Project.c.o:
  displaySensors displayData backward initializeWalls initializeDistance 
Motor_R_EN.c.o:
  Motor_R_EN_SetDir 
Motor_L_EN.c.o:
  Motor_L_EN_GetMsk Motor_L_EN_GetVal Motor_L_EN_GetBit Motor_L_EN_PutBit 
  Motor_L_EN_ClrBit Motor_L_EN_SetBit Motor_L_EN_NegBit Motor_L_EN_SetDir 
Motor_R_Drive.c.o:
  Motor_R_Drive_GetMsk Motor_R_Drive_GetVal Motor_R_Drive_GetBit 
  Motor_R_Drive_PutBit Motor_R_Drive_ClrBit Motor_R_Drive_SetBit 
  Motor_R_Drive_NegBit Motor_R_Drive_SetDir 
Motor_L_Drive1.c.o:
  Motor_L_Drive1_SetDir 
Motor_L_Drive2.c.o:
  Motor_L_Drive2_SetDir 
Motor_L_Drive4.c.o:
  Motor_L_Drive4_SetDir 
Motor_L_Drive8.c.o:
  Motor_L_Drive8_SetDir 
MotorR_DriveTimer.c.o:
  MotorR_DriveTimer_SetPeriodTicks16 MotorR_DriveTimer_SetPeriodTicks32 
  MotorR_DriveTimer_SetPeriodMS 
MotorL_DriveTimer.c.o:
  MotorL_DriveTimer_SetPeriodTicks16 MotorL_DriveTimer_SetPeriodTicks32 
  MotorL_DriveTimer_SetPeriodMS 
PID.c.o:
  PID_Enable PID_Disable 
ADC.c.o:
  ADC_GetValue16 
PE_Timer.c.o:
  PE_Timer_LngHi2 
NOT USED VARIABLES
Cpu.c.o:
  CCR_reg 
Motor_L_EN.c.o:
  Motor_L_EN_Table 
Motor_R_Drive.c.o:
  Motor_R_Drive_Table 

*********************************************************************************************
COPYDOWN SECTION
---------------------------------------------------------------------------------------------
------- ROM-ADDRESS: 0xCB25 ---- SIZE       4 ---
Filling bytes inserted
 00143800
------- ROM-ADDRESS: 0xCB29 ---- RAM-ADDRESS: 0x3800 ---- SIZE       8 ---
Name of initialized Object : motorSeq
 0109080C04 060203
------- ROM-ADDRESS: 0xCB31 ---- SIZE       1 ---
Filling bytes inserted
 00
------- ROM-ADDRESS: 0xCB32 ---- RAM-ADDRESS: 0x3809 ---- SIZE       1 ---
Name of initialized Object : yFinal:1
 06
------- ROM-ADDRESS: 0xCB33 ---- SIZE       1 ---
Filling bytes inserted
 00
------- ROM-ADDRESS: 0xCB34 ---- RAM-ADDRESS: 0x380B ---- SIZE       1 ---
Name of initialized Object : xFinal1:1
 02
------- ROM-ADDRESS: 0xCB35 ---- SIZE       1 ---
Filling bytes inserted
 00
------- ROM-ADDRESS: 0xCB36 ---- RAM-ADDRESS: 0x380D ---- SIZE       1 ---
Name of initialized Object : xFinal2:1
 03
------- ROM-ADDRESS: 0xCB37 ---- SIZE       1 ---
Filling bytes inserted
 00
------- ROM-ADDRESS: 0xCB38 ---- RAM-ADDRESS: 0x380F ---- SIZE       1 ---
Name of initialized Object : direction:1
 08
------- ROM-ADDRESS: 0xCB39 ---- RAM-ADDRESS: 0x3810 ---- SIZE       2 ---
Name of initialized Object : unitcell
 01AE
------- ROM-ADDRESS: 0xCB3B ---- SIZE       1 ---
Filling bytes inserted
 00
------- ROM-ADDRESS: 0xCB3C ---- RAM-ADDRESS: 0x3813 ---- SIZE       1 ---
Name of initialized Object : unitrotation:1
 E6
------- ROM-ADDRESS: 0xCB3D ---- SIZE       2 ---
Filling bytes inserted
 0000

*********************************************************************************************
OBJECT-DEPENDENCIES SECTION
---------------------------------------------------------------------------------------------
_EntryPoint               USES _INITRM _MISC _PEAR _CLKSEL _PLLCTL _SYNR 
                                _REFDV _CRGFLG _Startup 
Motor_L_DutyTimer_Interrupt USES _TC0 _TFLG1 Motor_L_DutyTimer_OnInterrupt 
Motor_R_DutyTimer_Interrupt USES _TC1 _TFLG1 Motor_R_DutyTimer_OnInterrupt 
MotorR_DriveTimer_Interrupt USES _TC2 CmpVal _TFLG1 
                                MotorR_DriveTimer_OnInterrupt 
MotorL_DriveTimer_Interrupt USES _TC3 CmpVal _TFLG1 
                                MotorL_DriveTimer_OnInterrupt 
PID_Interrupt             USES _TC4 _TFLG1 PID_OnInterrupt 
ADC_Interrupt             USES SumChan _ATDDR0 ADC_OutV OutFlg ADC_OnEnd 
                                ModeFlg Channels _ATDCTL45 
Init                      USES _startupData 
_Startup                  USES __SEG_END_SSTACK Init main 
PE_low_level_init         USES _PEAR _PORTE _PUCR _DDRE _PTT _PERT _DDRT _PTM 
                                _WOMM _PERM _DDRM _TSCR1 _PACTL _OC7M _TIOS _TCTL2 
                                _TTOV _TSCR2 _TFLG1 _TCTL1 _TIE _ATDDIEN _PORTA 
                                _DDRA _CRGINT _VREGCTRL _COPCTL _RDRIV _RDRAD _RDRM 
                                _RDRP _RDRS _RDRT _INTCR _PERP _DDRB _PERS _PERJ 
                                Shadow_E Shadow_M Shadow_T _TC0 _TC1 
                                MotorR_DriveTimer_Init MotorL_DriveTimer_Init _TC4 ADC_Init 
Motor_L_WriteBits         USES Motor_L_Drive1_PutVal Motor_L_Drive2_PutVal 
                                Motor_L_Drive4_PutVal Motor_L_Drive8_PutVal 
Motor_R_WriteBits         USES Motor_R_Drive_PutVal 
Motor_R_DutyTimer_OnInterrupt USES toggle2 Motor_R_WriteBits motorR motorSeq 
Motor_L_DutyTimer_OnInterrupt USES toggle1 Motor_L_WriteBits motorL motorSeq 
MotorL_DriveTimer_OnInterrupt USES dirL motorL 
MotorR_DriveTimer_OnInterrupt USES dirR motorR steps 
PID_OnInterrupt           USES Kp sensors error MotorR_DriveTimer_SetPeriodUS 
                                MotorL_DriveTimer_SetPeriodUS 
initializeLCD             USES Cpu_Delay100US writeCom 
writeCom                  USES _PORTE _PORTA Cpu_Delay100US 
                                Motor_R_Drive_PutVal 
writeData                 USES _PORTE _PORTA Cpu_Delay100US 
                                Motor_R_Drive_PutVal 
clearLCD                  USES writeCom 
pollSensors               USES ADC_Measure sensors ADC_GetValue8 
displayEnd                USES Motor_L_DutyTimer_Disable 
                                Motor_R_DutyTimer_Disable MotorR_DriveTimer_Disable 
                                MotorL_DriveTimer_Disable powerMotors initializeLCD clearLCD writeData 
                                writeCom 
powerMotors               USES Motor_R_EN_PutVal Motor_L_EN_PutVal 
forward                   USES steps pollSensors dirR dirL 
left                      USES unitrotation steps dirR dirL 
right                     USES unitrotation steps dirR dirL 
fullturn                  USES unitrotation steps dirR dirL 
calculateMinDistance      USES walls distance 
updateWalls               USES direction updateWalls xCurrent yCurrent walls 
                                sensors 
nextMove                  USES xCurrent yCurrent calculateMinDistance 
                                direction nextMove walls moveComplete right left 
                                fullturn distance unitcell forward 
main                      USES PE_low_level_init pollSensors updateWalls 
                                xCurrent yCurrent calculateMinDistance distance 
                                powerMotors moveComplete nextMove Cpu_Delay100US xFinal1 
                                xFinal2 yFinal displayEnd fullturn 
                                Motor_L_DutyTimer_Enable Motor_R_DutyTimer_Enable 
                                MotorR_DriveTimer_Enable MotorL_DriveTimer_Enable 
Motor_R_EN_PutVal         USES _PORTE Shadow_E 
Motor_L_EN_PutVal         USES Shadow_T _PTT 
Motor_R_Drive_PutVal      USES Shadow_M _PTM 
Motor_L_Drive1_PutVal     USES _PTM Shadow_M 
Motor_L_Drive2_PutVal     USES _PTM Shadow_M 
Motor_L_Drive4_PutVal     USES _PTT Shadow_T 
Motor_L_Drive8_PutVal     USES _PTT Shadow_T 
Motor_L_DutyTimer_Enable  USES _TCNT _TC0 _TIE 
Motor_L_DutyTimer_Disable USES _TIE _TFLG1 
Motor_R_DutyTimer_Enable  USES _TCNT _TC1 _TIE 
Motor_R_DutyTimer_Disable USES _TIE _TFLG1 
MotorR_DriveTimer_Enable  USES EnUser _TCNT CmpVal _TC2 _TIE 
MotorR_DriveTimer_Disable USES EnUser _TIE _TFLG1 
MotorR_DriveTimer_SetPeriodUS USES PE_Timer_LngMul PE_Timer_LngHi4 CmpVal 
MotorR_DriveTimer_Init    USES EnUser CmpVal _TC2 
MotorL_DriveTimer_Enable  USES EnUser _TCNT CmpVal _TC3 _TIE 
MotorL_DriveTimer_Disable USES EnUser _TIE _TFLG1 
MotorL_DriveTimer_SetPeriodUS USES PE_Timer_LngMul PE_Timer_LngHi4 CmpVal 
MotorL_DriveTimer_Init    USES EnUser CmpVal _TC3 
ADC_Measure               USES ModeFlg OutFlg SumChan _ATDCTL45 
ADC_GetValue8             USES OutFlg ADC_OutV 
ADC_Init                  USES OutFlg ModeFlg _ATDCTL45 _ATDCTL23 
_InterruptVectorTable     USES Cpu_Interrupt ADC_Interrupt PID_Interrupt 
                                MotorL_DriveTimer_Interrupt MotorR_DriveTimer_Interrupt 
                                Motor_R_DutyTimer_Interrupt Motor_L_DutyTimer_Interrupt _EntryPoint 

*********************************************************************************************
DEPENDENCY TREE
*********************************************************************************************
 main and _Startup Group
 | 
 +- main                
 |  | 
 |  +- PE_low_level_init   
 |  |  | 
 |  |  +- MotorR_DriveTimer_Init
 |  |  |    
 |  |  +- MotorL_DriveTimer_Init
 |  |  |    
 |  |  +- ADC_Init            
 |  |       
 |  +- pollSensors         
 |  |  | 
 |  |  +- ADC_Measure         
 |  |  |    
 |  |  +- ADC_GetValue8       
 |  |       
 |  +- updateWalls         
 |  |    
 |  +- calculateMinDistance
 |  |    
 |  +- powerMotors         
 |  |  | 
 |  |  +- Motor_R_EN_PutVal   
 |  |  |    
 |  |  +- Motor_L_EN_PutVal   
 |  |       
 |  +- nextMove            
 |  |  | 
 |  |  +- calculateMinDistance (see above)
 |  |  |  
 |  |  +- right               
 |  |  |    
 |  |  +- left                
 |  |  |    
 |  |  +- fullturn            
 |  |  |    
 |  |  +- forward             
 |  |     | 
 |  |     +- pollSensors          (see above)
 |  |        
 |  +- Cpu_Delay100US      
 |  |    
 |  +- displayEnd          
 |  |  | 
 |  |  +- Motor_L_DutyTimer_Disable
 |  |  |    
 |  |  +- Motor_R_DutyTimer_Disable
 |  |  |    
 |  |  +- MotorR_DriveTimer_Disable
 |  |  |    
 |  |  +- MotorL_DriveTimer_Disable
 |  |  |    
 |  |  +- powerMotors          (see above)
 |  |  |  
 |  |  +- initializeLCD       
 |  |  |  | 
 |  |  |  +- Cpu_Delay100US       (see above)
 |  |  |  |  
 |  |  |  +- writeCom            
 |  |  |     | 
 |  |  |     +- Cpu_Delay100US       (see above)
 |  |  |     |  
 |  |  |     +- Motor_R_Drive_PutVal
 |  |  |          
 |  |  +- clearLCD            
 |  |  |  | 
 |  |  |  +- writeCom             (see above)
 |  |  |     
 |  |  +- writeData           
 |  |  |  | 
 |  |  |  +- Cpu_Delay100US       (see above)
 |  |  |  |  
 |  |  |  +- Motor_R_Drive_PutVal (see above)
 |  |  |     
 |  |  +- writeCom             (see above)
 |  |     
 |  +- fullturn             (see above)
 |  |  
 |  +- Motor_L_DutyTimer_Enable
 |  |    
 |  +- Motor_R_DutyTimer_Enable
 |  |    
 |  +- MotorR_DriveTimer_Enable
 |  |    
 |  +- MotorL_DriveTimer_Enable
 |       
 +- _EntryPoint         
    | 
    +- _Startup            
       | 
       +- Init                
       |    
       +- main                 (see above)
          
 _InterruptVectorTable
 | 
 +- Cpu_Interrupt       
 |    
 +- ADC_Interrupt       
 |  | 
 |  +- ADC_OnEnd           
 |       
 +- PID_Interrupt       
 |  | 
 |  +- PID_OnInterrupt     
 |     | 
 |     +- MotorR_DriveTimer_SetPeriodUS
 |     |  | 
 |     |  +- PE_Timer_LngMul     
 |     |  |    
 |     |  +- PE_Timer_LngHi4     
 |     |       
 |     +- MotorL_DriveTimer_SetPeriodUS
 |        | 
 |        +- PE_Timer_LngMul      (see above)
 |        |  
 |        +- PE_Timer_LngHi4      (see above)
 |           
 +- MotorL_DriveTimer_Interrupt
 |  | 
 |  +- MotorL_DriveTimer_OnInterrupt
 |       
 +- MotorR_DriveTimer_Interrupt
 |  | 
 |  +- MotorR_DriveTimer_OnInterrupt
 |       
 +- Motor_R_DutyTimer_Interrupt
 |  | 
 |  +- Motor_R_DutyTimer_OnInterrupt
 |     | 
 |     +- Motor_R_WriteBits   
 |        | 
 |        +- Motor_R_Drive_PutVal (see above)
 |           
 +- Motor_L_DutyTimer_Interrupt
 |  | 
 |  +- Motor_L_DutyTimer_OnInterrupt
 |     | 
 |     +- Motor_L_WriteBits   
 |        | 
 |        +- Motor_L_Drive1_PutVal
 |        |    
 |        +- Motor_L_Drive2_PutVal
 |        |    
 |        +- Motor_L_Drive4_PutVal
 |        |    
 |        +- Motor_L_Drive8_PutVal
 |             
 +- _EntryPoint          (see above)
    
*********************************************************************************************
STATISTIC SECTION
---------------------------------------------------------------------------------------------

ExeFile:
--------
Number of blocks to be downloaded: 19
Total size of all blocks to be downloaded: 3007

